// Jest Snapshot v1, https://goo.gl/fbAQLP

exports[`Check the App should check the app 1`] = `
<ContextProvider
  value={
    Object {
      "defaultFormats": Object {},
      "defaultLocale": "en",
      "formatDate": [Function],
      "formatDateToParts": [Function],
      "formatHTMLMessage": [Function],
      "formatList": [Function],
      "formatMessage": [Function],
      "formatNumber": [Function],
      "formatNumberToParts": [Function],
      "formatPlural": [Function],
      "formatRelativeTime": [Function],
      "formatTime": [Function],
      "formatTimeToParts": [Function],
      "formats": Object {},
      "formatters": Object {
        "getDateTimeFormat": [Function],
        "getListFormat": [Function],
        "getMessageFormat": [Function],
        "getNumberFormat": [Function],
        "getPluralRules": [Function],
        "getRelativeTimeFormat": [Function],
      },
      "locale": "en-US",
      "messages": Object {},
      "onError": [Function],
      "textComponent": "span",
      "timeZone": undefined,
    }
  }
>
  <App />
</ContextProvider>
`;

exports[`Check the App should propagate the translations down by having a validity object 1`] = `
<ContextProvider
  value={
    Object {
      "defaultFormats": Object {},
      "defaultLocale": "en",
      "formatDate": [Function],
      "formatDateToParts": [Function],
      "formatHTMLMessage": [Function],
      "formatList": [Function],
      "formatMessage": [Function],
      "formatNumber": [Function],
      "formatNumberToParts": [Function],
      "formatPlural": [Function],
      "formatRelativeTime": [Function],
      "formatTime": [Function],
      "formatTimeToParts": [Function],
      "formats": Object {},
      "formatters": Object {
        "getDateTimeFormat": [Function],
        "getListFormat": [Function],
        "getMessageFormat": [Function],
        "getNumberFormat": [Function],
        "getPluralRules": [Function],
        "getRelativeTimeFormat": [Function],
      },
      "locale": "en-US",
      "messages": Object {},
      "onError": [Function],
      "textComponent": "span",
      "timeZone": undefined,
    }
  }
>
  <App />
</ContextProvider>
`;
